2026-03-16 23:03:05,749 - INFO - ==================================================
2026-03-16 23:03:05,749 - INFO - 开始执行文本数据清洗与分析流程
2026-03-16 23:03:05,749 - INFO - ==================================================
2026-03-16 23:03:05,750 - INFO - 目录已确保存在: ./build/dist/cleaned
2026-03-16 23:03:05,750 - INFO - 目录已确保存在: ./build/dist/reports
2026-03-16 23:03:05,750 - INFO - 目录已确保存在: ./build/dist
2026-03-16 23:03:05,756 - INFO - 清洗后文件已保存: ./build/dist/cleaned\sample1.txt
2026-03-16 23:03:05,759 - INFO - 处理时间: 2026-03-16 23:03:05 | 文件: sample1.txt | 状态: 成功 | 字符数: 148 | 单词数: 18
2026-03-16 23:03:05,762 - ERROR - 处理时间: 2026-03-16 23:03:05 | 文件: sample2.json | 状态: 失败 | 原因: JSON解析错误: Expecting property name enclosed in double quotes: line 1 column 2 (char 1)
2026-03-16 23:03:05,765 - INFO - 流程完成: 成功 1, 失败 1
2026-03-16 23:03:56,038 - INFO - ==================================================
2026-03-16 23:03:56,038 - INFO - 开始执行文本数据清洗与分析流程
2026-03-16 23:03:56,038 - INFO - ==================================================
2026-03-16 23:03:56,038 - INFO - 目录已确保存在: ./build/dist/cleaned
2026-03-16 23:03:56,038 - INFO - 目录已确保存在: ./build/dist/reports
2026-03-16 23:03:56,040 - INFO - 目录已确保存在: ./build/dist
2026-03-16 23:03:56,053 - INFO - 清洗后文件已保存: ./build/dist/cleaned\sample1.txt
2026-03-16 23:03:56,055 - INFO - 处理时间: 2026-03-16 23:03:56 | 文件: sample1.txt | 状态: 成功 | 字符数: 148 | 单词数: 18
2026-03-16 23:03:56,056 - INFO - 清洗后文件已保存: ./build/dist/cleaned\sample2.json
2026-03-16 23:03:56,056 - INFO - 处理时间: 2026-03-16 23:03:56 | 文件: sample2.json | 状态: 成功 | 字符数: 75 | 单词数: 11
2026-03-16 23:03:56,078 - INFO - 流程完成: 成功 2, 失败 0
2026-03-16 23:06:32,477 - INFO - ==================================================
2026-03-16 23:06:32,477 - INFO - 开始执行文本数据清洗与分析流程
2026-03-16 23:06:32,477 - INFO - ==================================================
2026-03-16 23:06:32,477 - INFO - 目录已确保存在: ./build/dist/cleaned
2026-03-16 23:06:32,478 - INFO - 目录已确保存在: ./build/dist/reports
2026-03-16 23:06:32,478 - INFO - 目录已确保存在: ./build/dist
2026-03-16 23:06:32,483 - INFO - 清洗后文件已保存: ./build/dist/cleaned\sample1.txt
2026-03-16 23:06:32,484 - INFO - 处理时间: 2026-03-16 23:06:32 | 文件: sample1.txt | 状态: 成功 | 字符数: 148 | 单词数: 18
2026-03-16 23:06:32,494 - INFO - 清洗后文件已保存: ./build/dist/cleaned\sample2.json
2026-03-16 23:06:32,494 - INFO - 处理时间: 2026-03-16 23:06:32 | 文件: sample2.json | 状态: 成功 | 字符数: 75 | 单词数: 11
2026-03-16 23:06:32,520 - INFO - 流程完成: 成功 2, 失败 0
2026-03-16 23:10:06,168 - INFO - ==================================================
2026-03-16 23:10:06,169 - INFO - 开始执行文本数据清洗与分析流程
2026-03-16 23:10:06,169 - INFO - ==================================================
2026-03-16 23:10:06,169 - INFO - 目录已确保存在: ./build/dist/cleaned
2026-03-16 23:10:06,169 - INFO - 目录已确保存在: ./build/dist/reports
2026-03-16 23:10:06,169 - INFO - 目录已确保存在: ./build/dist
2026-03-16 23:10:06,172 - INFO - 成功读取只读参考文件: ./data/input/legacy.dat
2026-03-16 23:10:06,172 - INFO - 共发现 2 个有效文件
2026-03-16 23:10:06,174 - INFO - 文件读取成功: sample1.txt
2026-03-16 23:10:06,174 - INFO - 文件清洗完成: sample1.txt
2026-03-16 23:10:06,176 - INFO - 清洗后文件已保存: ./build/dist/cleaned\sample1.txt
2026-03-16 23:10:06,177 - INFO - 处理时间: 2026-03-16 23:10:06 | 文件: sample1.txt | 状态: 成功 | 字符数: 148 | 单词数: 18
2026-03-16 23:10:06,178 - INFO - 文件读取成功: sample2.json
2026-03-16 23:10:06,178 - INFO - 文件清洗完成: sample2.json
2026-03-16 23:10:06,181 - INFO - 清洗后文件已保存: ./build/dist/cleaned\sample2.json
2026-03-16 23:10:06,181 - INFO - 处理时间: 2026-03-16 23:10:06 | 文件: sample2.json | 状态: 成功 | 字符数: 75 | 单词数: 11
2026-03-16 23:10:06,182 - INFO - 报告已保存: ./build/dist/reports\sample1_analysis.md
2026-03-16 23:10:06,182 - INFO - 报告生成完成 [成功]: sample1_analysis.md
2026-03-16 23:10:06,183 - INFO - 报告已保存: ./build/dist/reports\sample2_analysis.md
2026-03-16 23:10:06,183 - INFO - 报告生成完成 [成功]: sample2_analysis.md
2026-03-16 23:10:06,183 - INFO - 共生成 2 份报告
2026-03-16 23:10:06,184 - INFO - 汇总报告已保存: ./build/dist/summary_report.md
2026-03-16 23:10:06,184 - INFO - 流程完成: 成功 2, 失败 0
